// Jest Snapshot v1, https://goo.gl/fbAQLP

exports[`Check Snapshot testing suite Matches Snapshot 1`] = `
<div
  className="container"
>
  <div
    className="round"
  >
    <input
      checked={false}
      id="checkbox1"
      onChange={[Function]}
      type="checkbox"
    />
    <label
      htmlFor="checkbox1"
    />
  </div>
</div>
`;
