// Jest Snapshot v1, https://goo.gl/fbAQLP

exports[`DeleteButton component tests Matches Snapshot 1`] = `
<div
  className="header"
/>
`;
