// Jest Snapshot v1, https://goo.gl/fbAQLP

exports[`App component tests App Matches Snapshot 1`] = `null`;
